 ------------------------------------------------------------------------------------------------------------------------------------------------------- 
| Snapshot                | WNS                  | TNS                  | Density (%) | Hotspot                   | Resource               | DRVs       |
|                         | HEPG (ns) | ALL (ns) | HEPG (ns) | ALL (ns) |             | Max (bins) | Total (bins) | Real (s) | Memory (MB) | Tran | Cap |
|-------------------------+-----------+----------+-----------+----------+-------------+------------+--------------+----------+-------------+------+-----|
| initial_summary         |     4.787 |    2.294 |           |        0 |       59.69 |            |              | 0:00:01  |        3652 |    0 |   0 |
| route_type_refinement   |           |          |           |          |             |            |              | 0:00:00  |        3644 |      |     |
| simplify_netlist        |           |          |           |          |             |            |              | 0:00:00  |        3646 |      |     |
| excluded_clk_net_fixing |           |          |           |          |             |            |              | 0:00:00  |        3646 |      |     |
| global_opt              |           |    2.294 |           |        0 |       59.69 |            |              | 0:00:01  |        3659 |      |     |
| area_reclaiming         |     4.787 |    2.294 |         0 |        0 |       59.69 |            |              | 0:00:00  |        3662 |      |     |
| area_reclaiming_2       |     4.787 |    2.294 |         0 |        0 |       59.69 |            |              | 0:00:00  |        3663 |      |     |
| local_wire_reclaim      |           |          |           |          |             |            |              | 0:00:00  |        3664 |      |     |
| global_route            |           |          |           |          |             |       0.00 |         0.00 | 0:00:00  |        3643 |      |     |
| route_type_refinement_2 |           |          |           |          |             |            |              | 0:00:00  |        3643 |      |     |
| drv_eco_fixing          |     4.807 |    2.303 |         0 |        0 |       59.69 |            |              | 0:00:00  |        3665 |    0 |   0 |
| legalization            |           |          |           |          |             |            |              | 0:00:00  |        3665 |      |     |
| final_summary           |     4.807 |    2.303 |           |        0 |       59.69 |            |              | 0:00:01  |        3666 |    0 |   0 |
 ------------------------------------------------------------------------------------------------------------------------------------------------------- 
